Analysis & Synthesis report for projeto_2_sd
Thu Dec 11 09:52:32 2025
Quartus Prime Version 21.1.1 Build 850 06/23/2022 SJ Lite Edition


---------------------
; Table of Contents ;
---------------------
  1. Legal Notice
  2. Analysis & Synthesis Summary
  3. Analysis & Synthesis Settings
  4. Parallel Compilation
  5. Analysis & Synthesis Source Files Read
  6. Analysis & Synthesis Resource Usage Summary
  7. Analysis & Synthesis Resource Utilization by Entity
  8. Analysis & Synthesis DSP Block Usage Summary
  9. State Machine - |CPU|estado
 10. State Machine - |CPU|displayLCD:LCD|state
 11. Registers Removed During Synthesis
 12. General Register Statistics
 13. Multiplexer Restructuring Statistics (Restructuring Performed)
 14. Parameter Settings for Inferred Entity Instance: ula:ula|lpm_mult:Mult0
 15. lpm_mult Parameter Settings by Entity Instance
 16. Post-Synthesis Netlist Statistics for Top Partition
 17. Elapsed Time Per Partition
 18. Analysis & Synthesis Messages



----------------
; Legal Notice ;
----------------
Copyright (C) 2022  Intel Corporation. All rights reserved.
Your use of Intel Corporation's design tools, logic functions 
and other software and tools, and any partner logic 
functions, and any output files from any of the foregoing 
(including device programming or simulation files), and any 
associated documentation or information are expressly subject 
to the terms and conditions of the Intel Program License 
Subscription Agreement, the Intel Quartus Prime License Agreement,
the Intel FPGA IP License Agreement, or other applicable license
agreement, including, without limitation, that your use is for
the sole purpose of programming logic devices manufactured by
Intel and sold by Intel or its authorized distributors.  Please
refer to the applicable agreement for further details, at
https://fpgasoftware.intel.com/eula.



+----------------------------------------------------------------------------------+
; Analysis & Synthesis Summary                                                     ;
+------------------------------------+---------------------------------------------+
; Analysis & Synthesis Status        ; Successful - Thu Dec 11 09:52:32 2025       ;
; Quartus Prime Version              ; 21.1.1 Build 850 06/23/2022 SJ Lite Edition ;
; Revision Name                      ; projeto_2_sd                                ;
; Top-level Entity Name              ; CPU                                         ;
; Family                             ; Cyclone IV E                                ;
; Total logic elements               ; 1,203                                       ;
;     Total combinational functions  ; 936                                         ;
;     Dedicated logic registers      ; 406                                         ;
; Total registers                    ; 406                                         ;
; Total pins                         ; 35                                          ;
; Total virtual pins                 ; 0                                           ;
; Total memory bits                  ; 0                                           ;
; Embedded Multiplier 9-bit elements ; 2                                           ;
; Total PLLs                         ; 0                                           ;
+------------------------------------+---------------------------------------------+


+------------------------------------------------------------------------------------------------------------+
; Analysis & Synthesis Settings                                                                              ;
+------------------------------------------------------------------+--------------------+--------------------+
; Option                                                           ; Setting            ; Default Value      ;
+------------------------------------------------------------------+--------------------+--------------------+
; Device                                                           ; EP4CE115F29C7      ;                    ;
; Top-level entity name                                            ; CPU                ; projeto_2_sd       ;
; Family name                                                      ; Cyclone IV E       ; Cyclone V          ;
; Use smart compilation                                            ; Off                ; Off                ;
; Enable parallel Assembler and Timing Analyzer during compilation ; On                 ; On                 ;
; Enable compact report table                                      ; Off                ; Off                ;
; Restructure Multiplexers                                         ; Auto               ; Auto               ;
; Create Debugging Nodes for IP Cores                              ; Off                ; Off                ;
; Preserve fewer node names                                        ; On                 ; On                 ;
; Intel FPGA IP Evaluation Mode                                    ; Enable             ; Enable             ;
; Verilog Version                                                  ; Verilog_2001       ; Verilog_2001       ;
; VHDL Version                                                     ; VHDL_1993          ; VHDL_1993          ;
; State Machine Processing                                         ; Auto               ; Auto               ;
; Safe State Machine                                               ; Off                ; Off                ;
; Extract Verilog State Machines                                   ; On                 ; On                 ;
; Extract VHDL State Machines                                      ; On                 ; On                 ;
; Ignore Verilog initial constructs                                ; Off                ; Off                ;
; Iteration limit for constant Verilog loops                       ; 5000               ; 5000               ;
; Iteration limit for non-constant Verilog loops                   ; 250                ; 250                ;
; Add Pass-Through Logic to Inferred RAMs                          ; On                 ; On                 ;
; Infer RAMs from Raw Logic                                        ; On                 ; On                 ;
; Parallel Synthesis                                               ; On                 ; On                 ;
; DSP Block Balancing                                              ; Auto               ; Auto               ;
; NOT Gate Push-Back                                               ; On                 ; On                 ;
; Power-Up Don't Care                                              ; On                 ; On                 ;
; Remove Redundant Logic Cells                                     ; Off                ; Off                ;
; Remove Duplicate Registers                                       ; On                 ; On                 ;
; Ignore CARRY Buffers                                             ; Off                ; Off                ;
; Ignore CASCADE Buffers                                           ; Off                ; Off                ;
; Ignore GLOBAL Buffers                                            ; Off                ; Off                ;
; Ignore ROW GLOBAL Buffers                                        ; Off                ; Off                ;
; Ignore LCELL Buffers                                             ; Off                ; Off                ;
; Ignore SOFT Buffers                                              ; On                 ; On                 ;
; Limit AHDL Integers to 32 Bits                                   ; Off                ; Off                ;
; Optimization Technique                                           ; Balanced           ; Balanced           ;
; Carry Chain Length                                               ; 70                 ; 70                 ;
; Auto Carry Chains                                                ; On                 ; On                 ;
; Auto Open-Drain Pins                                             ; On                 ; On                 ;
; Perform WYSIWYG Primitive Resynthesis                            ; Off                ; Off                ;
; Auto ROM Replacement                                             ; On                 ; On                 ;
; Auto RAM Replacement                                             ; On                 ; On                 ;
; Auto DSP Block Replacement                                       ; On                 ; On                 ;
; Auto Shift Register Replacement                                  ; Auto               ; Auto               ;
; Allow Shift Register Merging across Hierarchies                  ; Auto               ; Auto               ;
; Auto Clock Enable Replacement                                    ; On                 ; On                 ;
; Strict RAM Replacement                                           ; Off                ; Off                ;
; Allow Synchronous Control Signals                                ; On                 ; On                 ;
; Force Use of Synchronous Clear Signals                           ; Off                ; Off                ;
; Auto RAM Block Balancing                                         ; On                 ; On                 ;
; Auto RAM to Logic Cell Conversion                                ; Off                ; Off                ;
; Auto Resource Sharing                                            ; Off                ; Off                ;
; Allow Any RAM Size For Recognition                               ; Off                ; Off                ;
; Allow Any ROM Size For Recognition                               ; Off                ; Off                ;
; Allow Any Shift Register Size For Recognition                    ; Off                ; Off                ;
; Use LogicLock Constraints during Resource Balancing              ; On                 ; On                 ;
; Ignore translate_off and synthesis_off directives                ; Off                ; Off                ;
; Timing-Driven Synthesis                                          ; On                 ; On                 ;
; Report Parameter Settings                                        ; On                 ; On                 ;
; Report Source Assignments                                        ; On                 ; On                 ;
; Report Connectivity Checks                                       ; On                 ; On                 ;
; Ignore Maximum Fan-Out Assignments                               ; Off                ; Off                ;
; Synchronization Register Chain Length                            ; 2                  ; 2                  ;
; Power Optimization During Synthesis                              ; Normal compilation ; Normal compilation ;
; HDL message level                                                ; Level2             ; Level2             ;
; Suppress Register Optimization Related Messages                  ; Off                ; Off                ;
; Number of Removed Registers Reported in Synthesis Report         ; 5000               ; 5000               ;
; Number of Swept Nodes Reported in Synthesis Report               ; 5000               ; 5000               ;
; Number of Inverted Registers Reported in Synthesis Report        ; 100                ; 100                ;
; Clock MUX Protection                                             ; On                 ; On                 ;
; Auto Gated Clock Conversion                                      ; Off                ; Off                ;
; Block Design Naming                                              ; Auto               ; Auto               ;
; SDC constraint protection                                        ; Off                ; Off                ;
; Synthesis Effort                                                 ; Auto               ; Auto               ;
; Shift Register Replacement - Allow Asynchronous Clear Signal     ; On                 ; On                 ;
; Pre-Mapping Resynthesis Optimization                             ; Off                ; Off                ;
; Analysis & Synthesis Message Level                               ; Medium             ; Medium             ;
; Disable Register Merging Across Hierarchies                      ; Auto               ; Auto               ;
; Resource Aware Inference For Block RAM                           ; On                 ; On                 ;
+------------------------------------------------------------------+--------------------+--------------------+


+------------------------------------------+
; Parallel Compilation                     ;
+----------------------------+-------------+
; Processors                 ; Number      ;
+----------------------------+-------------+
; Number detected on machine ; 16          ;
; Maximum allowed            ; 16          ;
;                            ;             ;
; Average used               ; 1.00        ;
; Maximum used               ; 16          ;
;                            ;             ;
; Usage by Processor         ; % Time Used ;
;     Processor 1            ; 100.0%      ;
;     Processor 2            ;   0.0%      ;
;     Processor 3            ;   0.0%      ;
;     Processor 4            ;   0.0%      ;
;     Processor 5            ;   0.0%      ;
;     Processor 6            ;   0.0%      ;
;     Processor 7            ;   0.0%      ;
;     Processor 8            ;   0.0%      ;
;     Processors 9-16        ;   0.0%      ;
+----------------------------+-------------+


+--------------------------------------------------------------------------------------------------------------------------------------------------------------+
; Analysis & Synthesis Source Files Read                                                                                                                       ;
+----------------------------------+-----------------+------------------------------+----------------------------------------------------------------+---------+
; File Name with User-Entered Path ; Used in Netlist ; File Type                    ; File Name with Absolute Path                                   ; Library ;
+----------------------------------+-----------------+------------------------------+----------------------------------------------------------------+---------+
; binario_bcd.sv                   ; yes             ; User SystemVerilog HDL File  ; D:/Users/ygcs/Downloads/projeto_2_SD/binario_bcd.sv            ;         ;
; ula.v                            ; yes             ; User Verilog HDL File        ; D:/Users/ygcs/Downloads/projeto_2_SD/ula.v                     ;         ;
; memoria.v                        ; yes             ; User Verilog HDL File        ; D:/Users/ygcs/Downloads/projeto_2_SD/memoria.v                 ;         ;
; displayLCD.v                     ; yes             ; User Verilog HDL File        ; D:/Users/ygcs/Downloads/projeto_2_SD/displayLCD.v              ;         ;
; detector_botao.v                 ; yes             ; User Verilog HDL File        ; D:/Users/ygcs/Downloads/projeto_2_SD/detector_botao.v          ;         ;
; CPU.v                            ; yes             ; User Verilog HDL File        ; D:/Users/ygcs/Downloads/projeto_2_SD/CPU.v                     ;         ;
; lpm_mult.tdf                     ; yes             ; Megafunction                 ; c:/altera/21.1/quartus/libraries/megafunctions/lpm_mult.tdf    ;         ;
; aglobal211.inc                   ; yes             ; Megafunction                 ; c:/altera/21.1/quartus/libraries/megafunctions/aglobal211.inc  ;         ;
; lpm_add_sub.inc                  ; yes             ; Megafunction                 ; c:/altera/21.1/quartus/libraries/megafunctions/lpm_add_sub.inc ;         ;
; multcore.inc                     ; yes             ; Megafunction                 ; c:/altera/21.1/quartus/libraries/megafunctions/multcore.inc    ;         ;
; bypassff.inc                     ; yes             ; Megafunction                 ; c:/altera/21.1/quartus/libraries/megafunctions/bypassff.inc    ;         ;
; altshift.inc                     ; yes             ; Megafunction                 ; c:/altera/21.1/quartus/libraries/megafunctions/altshift.inc    ;         ;
; db/mult_7dt.tdf                  ; yes             ; Auto-Generated Megafunction  ; D:/Users/ygcs/Downloads/projeto_2_SD/db/mult_7dt.tdf           ;         ;
+----------------------------------+-----------------+------------------------------+----------------------------------------------------------------+---------+


+---------------------------------------------------------+
; Analysis & Synthesis Resource Usage Summary             ;
+---------------------------------------------+-----------+
; Resource                                    ; Usage     ;
+---------------------------------------------+-----------+
; Estimated Total logic elements              ; 1,203     ;
;                                             ;           ;
; Total combinational functions               ; 936       ;
; Logic element usage by number of LUT inputs ;           ;
;     -- 4 input functions                    ; 689       ;
;     -- 3 input functions                    ; 108       ;
;     -- <=2 input functions                  ; 139       ;
;                                             ;           ;
; Logic elements by mode                      ;           ;
;     -- normal mode                          ; 824       ;
;     -- arithmetic mode                      ; 112       ;
;                                             ;           ;
; Total registers                             ; 406       ;
;     -- Dedicated logic registers            ; 406       ;
;     -- I/O registers                        ; 0         ;
;                                             ;           ;
; I/O pins                                    ; 35        ;
;                                             ;           ;
; Embedded Multiplier 9-bit elements          ; 2         ;
;                                             ;           ;
; Maximum fan-out node                        ; clk~input ;
; Maximum fan-out                             ; 406       ;
; Total fan-out                               ; 4756      ;
; Average fan-out                             ; 3.36      ;
+---------------------------------------------+-----------+


+------------------------------------------------------------------------------------------------------------------------------------------------------------------------------------------------------------------------------------------------------+
; Analysis & Synthesis Resource Utilization by Entity                                                                                                                                                                                                  ;
+-------------------------------------+---------------------+---------------------------+-------------+--------------+---------+-----------+------+--------------+-----------------------------------------------------+----------------+--------------+
; Compilation Hierarchy Node          ; Combinational ALUTs ; Dedicated Logic Registers ; Memory Bits ; DSP Elements ; DSP 9x9 ; DSP 18x18 ; Pins ; Virtual Pins ; Full Hierarchy Name                                 ; Entity Name    ; Library Name ;
+-------------------------------------+---------------------+---------------------------+-------------+--------------+---------+-----------+------+--------------+-----------------------------------------------------+----------------+--------------+
; |CPU                                ; 936 (420)           ; 406 (27)                  ; 0           ; 2            ; 0       ; 1         ; 35   ; 0            ; |CPU                                                ; CPU            ; work         ;
;    |detector_botao:detector_enviar| ; 29 (29)             ; 23 (23)                   ; 0           ; 0            ; 0       ; 0         ; 0    ; 0            ; |CPU|detector_botao:detector_enviar                 ; detector_botao ; work         ;
;    |detector_botao:detector_ligar|  ; 29 (29)             ; 23 (23)                   ; 0           ; 0            ; 0       ; 0         ; 0    ; 0            ; |CPU|detector_botao:detector_ligar                  ; detector_botao ; work         ;
;    |displayLCD:LCD|                 ; 340 (202)           ; 77 (77)                   ; 0           ; 0            ; 0       ; 0         ; 0    ; 0            ; |CPU|displayLCD:LCD                                 ; displayLCD     ; work         ;
;       |binario_bcd:conversor|       ; 138 (138)           ; 0 (0)                     ; 0           ; 0            ; 0       ; 0         ; 0    ; 0            ; |CPU|displayLCD:LCD|binario_bcd:conversor           ; binario_bcd    ; work         ;
;    |memoria:banco_memoria|          ; 50 (50)             ; 256 (256)                 ; 0           ; 0            ; 0       ; 0         ; 0    ; 0            ; |CPU|memoria:banco_memoria                          ; memoria        ; work         ;
;    |ula:ula|                        ; 68 (68)             ; 0 (0)                     ; 0           ; 2            ; 0       ; 1         ; 0    ; 0            ; |CPU|ula:ula                                        ; ula            ; work         ;
;       |lpm_mult:Mult0|              ; 0 (0)               ; 0 (0)                     ; 0           ; 2            ; 0       ; 1         ; 0    ; 0            ; |CPU|ula:ula|lpm_mult:Mult0                         ; lpm_mult       ; work         ;
;          |mult_7dt:auto_generated|  ; 0 (0)               ; 0 (0)                     ; 0           ; 2            ; 0       ; 1         ; 0    ; 0            ; |CPU|ula:ula|lpm_mult:Mult0|mult_7dt:auto_generated ; mult_7dt       ; work         ;
+-------------------------------------+---------------------+---------------------------+-------------+--------------+---------+-----------+------+--------------+-----------------------------------------------------+----------------+--------------+
Note: For table entries with two numbers listed, the numbers in parentheses indicate the number of resources of the given type used by the specific entity alone. The numbers listed outside of parentheses indicate the total resources of the given type used by the specific entity and all of its sub-entities in the hierarchy.


+-----------------------------------------------------+
; Analysis & Synthesis DSP Block Usage Summary        ;
+---------------------------------------+-------------+
; Statistic                             ; Number Used ;
+---------------------------------------+-------------+
; Simple Multipliers (9-bit)            ; 0           ;
; Simple Multipliers (18-bit)           ; 1           ;
; Embedded Multiplier Blocks            ; --          ;
; Embedded Multiplier 9-bit elements    ; 2           ;
; Signed Embedded Multipliers           ; 0           ;
; Unsigned Embedded Multipliers         ; 1           ;
; Mixed Sign Embedded Multipliers       ; 0           ;
; Variable Sign Embedded Multipliers    ; 0           ;
; Dedicated Input Shift Register Chains ; 0           ;
+---------------------------------------+-------------+
Note: number of Embedded Multiplier Blocks used is only available after a successful fit.


Encoding Type:  One-Hot
+--------------------------------------------------------------------------------------+
; State Machine - |CPU|estado                                                          ;
+---------------------+--------------------+---------------------+---------------------+
; Name                ; estado.S_DESLIGADO ; estado.S_EXECUTANDO ; estado.S_AGUARDANDO ;
+---------------------+--------------------+---------------------+---------------------+
; estado.S_DESLIGADO  ; 0                  ; 0                   ; 0                   ;
; estado.S_AGUARDANDO ; 1                  ; 0                   ; 1                   ;
; estado.S_EXECUTANDO ; 1                  ; 1                   ; 0                   ;
+---------------------+--------------------+---------------------+---------------------+


Encoding Type:  One-Hot
+-----------------------------------------------------------------------------------------------------------------------------------------------------------------------------------------------------------------------------------------------------------------------------------+
; State Machine - |CPU|displayLCD:LCD|state                                                                                                                                                                                                                                         ;
+----------------------+----------------------+-------------------+--------------------+--------------------+------------------+-------------------+------------------+------------------+--------------+-------------------+--------------------+--------------------+-------------+
; Name                 ; state.S_WAIT_RELEASE ; state.S_DATA_WAIT ; state.S_DATA_PULSE ; state.S_DATA_WRITE ; state.S_CMD_WAIT ; state.S_CMD_PULSE ; state.S_CMD_ADDR ; state.S_SYNC_CPU ; state.S_IDLE ; state.S_INIT_WAIT ; state.S_INIT_PULSE ; state.S_INIT_START ; state.S_OFF ;
+----------------------+----------------------+-------------------+--------------------+--------------------+------------------+-------------------+------------------+------------------+--------------+-------------------+--------------------+--------------------+-------------+
; state.S_OFF          ; 0                    ; 0                 ; 0                  ; 0                  ; 0                ; 0                 ; 0                ; 0                ; 0            ; 0                 ; 0                  ; 0                  ; 0           ;
; state.S_INIT_START   ; 0                    ; 0                 ; 0                  ; 0                  ; 0                ; 0                 ; 0                ; 0                ; 0            ; 0                 ; 0                  ; 1                  ; 1           ;
; state.S_INIT_PULSE   ; 0                    ; 0                 ; 0                  ; 0                  ; 0                ; 0                 ; 0                ; 0                ; 0            ; 0                 ; 1                  ; 0                  ; 1           ;
; state.S_INIT_WAIT    ; 0                    ; 0                 ; 0                  ; 0                  ; 0                ; 0                 ; 0                ; 0                ; 0            ; 1                 ; 0                  ; 0                  ; 1           ;
; state.S_IDLE         ; 0                    ; 0                 ; 0                  ; 0                  ; 0                ; 0                 ; 0                ; 0                ; 1            ; 0                 ; 0                  ; 0                  ; 1           ;
; state.S_SYNC_CPU     ; 0                    ; 0                 ; 0                  ; 0                  ; 0                ; 0                 ; 0                ; 1                ; 0            ; 0                 ; 0                  ; 0                  ; 1           ;
; state.S_CMD_ADDR     ; 0                    ; 0                 ; 0                  ; 0                  ; 0                ; 0                 ; 1                ; 0                ; 0            ; 0                 ; 0                  ; 0                  ; 1           ;
; state.S_CMD_PULSE    ; 0                    ; 0                 ; 0                  ; 0                  ; 0                ; 1                 ; 0                ; 0                ; 0            ; 0                 ; 0                  ; 0                  ; 1           ;
; state.S_CMD_WAIT     ; 0                    ; 0                 ; 0                  ; 0                  ; 1                ; 0                 ; 0                ; 0                ; 0            ; 0                 ; 0                  ; 0                  ; 1           ;
; state.S_DATA_WRITE   ; 0                    ; 0                 ; 0                  ; 1                  ; 0                ; 0                 ; 0                ; 0                ; 0            ; 0                 ; 0                  ; 0                  ; 1           ;
; state.S_DATA_PULSE   ; 0                    ; 0                 ; 1                  ; 0                  ; 0                ; 0                 ; 0                ; 0                ; 0            ; 0                 ; 0                  ; 0                  ; 1           ;
; state.S_DATA_WAIT    ; 0                    ; 1                 ; 0                  ; 0                  ; 0                ; 0                 ; 0                ; 0                ; 0            ; 0                 ; 0                  ; 0                  ; 1           ;
; state.S_WAIT_RELEASE ; 1                    ; 0                 ; 0                  ; 0                  ; 0                ; 0                 ; 0                ; 0                ; 0            ; 0                 ; 0                  ; 0                  ; 1           ;
+----------------------+----------------------+-------------------+--------------------+--------------------+------------------+-------------------+------------------+------------------+--------------+-------------------+--------------------+--------------------+-------------+


+------------------------------------------------------------+
; Registers Removed During Synthesis                         ;
+---------------------------------------+--------------------+
; Register name                         ; Reason for Removal ;
+---------------------------------------+--------------------+
; displayLCD:LCD|state~4                ; Lost fanout        ;
; displayLCD:LCD|state~5                ; Lost fanout        ;
; displayLCD:LCD|state~6                ; Lost fanout        ;
; displayLCD:LCD|state~7                ; Lost fanout        ;
; displayLCD:LCD|state~8                ; Lost fanout        ;
; Total Number of Removed Registers = 5 ;                    ;
+---------------------------------------+--------------------+


+------------------------------------------------------+
; General Register Statistics                          ;
+----------------------------------------------+-------+
; Statistic                                    ; Value ;
+----------------------------------------------+-------+
; Total registers                              ; 406   ;
; Number of registers using Synchronous Clear  ; 94    ;
; Number of registers using Synchronous Load   ; 0     ;
; Number of registers using Asynchronous Clear ; 77    ;
; Number of registers using Asynchronous Load  ; 0     ;
; Number of registers using Clock Enable       ; 342   ;
; Number of registers using Preset             ; 0     ;
+----------------------------------------------+-------+


+----------------------------------------------------------------------------------------------------------------------------------------------------------------+
; Multiplexer Restructuring Statistics (Restructuring Performed)                                                                                                 ;
+--------------------+-----------+---------------+----------------------+------------------------+------------+--------------------------------------------------+
; Multiplexer Inputs ; Bus Width ; Baseline Area ; Area if Restructured ; Saving if Restructured ; Registered ; Example Multiplexer Output                       ;
+--------------------+-----------+---------------+----------------------+------------------------+------------+--------------------------------------------------+
; 3:1                ; 7 bits    ; 14 LEs        ; 7 LEs                ; 7 LEs                  ; Yes        ; |CPU|lcd_opcode_latched[2]                       ;
; 3:1                ; 16 bits   ; 32 LEs        ; 16 LEs               ; 16 LEs                 ; Yes        ; |CPU|memoria:banco_memoria|banco_mem[0][0]       ;
; 3:1                ; 16 bits   ; 32 LEs        ; 16 LEs               ; 16 LEs                 ; Yes        ; |CPU|memoria:banco_memoria|banco_mem[1][12]      ;
; 3:1                ; 16 bits   ; 32 LEs        ; 16 LEs               ; 16 LEs                 ; Yes        ; |CPU|memoria:banco_memoria|banco_mem[2][11]      ;
; 3:1                ; 16 bits   ; 32 LEs        ; 16 LEs               ; 16 LEs                 ; Yes        ; |CPU|memoria:banco_memoria|banco_mem[3][13]      ;
; 3:1                ; 16 bits   ; 32 LEs        ; 16 LEs               ; 16 LEs                 ; Yes        ; |CPU|memoria:banco_memoria|banco_mem[4][0]       ;
; 3:1                ; 16 bits   ; 32 LEs        ; 16 LEs               ; 16 LEs                 ; Yes        ; |CPU|memoria:banco_memoria|banco_mem[5][6]       ;
; 3:1                ; 16 bits   ; 32 LEs        ; 16 LEs               ; 16 LEs                 ; Yes        ; |CPU|memoria:banco_memoria|banco_mem[6][10]      ;
; 3:1                ; 16 bits   ; 32 LEs        ; 16 LEs               ; 16 LEs                 ; Yes        ; |CPU|memoria:banco_memoria|banco_mem[7][13]      ;
; 3:1                ; 16 bits   ; 32 LEs        ; 16 LEs               ; 16 LEs                 ; Yes        ; |CPU|memoria:banco_memoria|banco_mem[8][6]       ;
; 3:1                ; 16 bits   ; 32 LEs        ; 16 LEs               ; 16 LEs                 ; Yes        ; |CPU|memoria:banco_memoria|banco_mem[9][5]       ;
; 3:1                ; 16 bits   ; 32 LEs        ; 16 LEs               ; 16 LEs                 ; Yes        ; |CPU|memoria:banco_memoria|banco_mem[10][10]     ;
; 3:1                ; 16 bits   ; 32 LEs        ; 16 LEs               ; 16 LEs                 ; Yes        ; |CPU|memoria:banco_memoria|banco_mem[11][2]      ;
; 3:1                ; 16 bits   ; 32 LEs        ; 16 LEs               ; 16 LEs                 ; Yes        ; |CPU|memoria:banco_memoria|banco_mem[12][11]     ;
; 3:1                ; 16 bits   ; 32 LEs        ; 16 LEs               ; 16 LEs                 ; Yes        ; |CPU|memoria:banco_memoria|banco_mem[13][8]      ;
; 3:1                ; 16 bits   ; 32 LEs        ; 16 LEs               ; 16 LEs                 ; Yes        ; |CPU|memoria:banco_memoria|banco_mem[14][13]     ;
; 3:1                ; 16 bits   ; 32 LEs        ; 16 LEs               ; 16 LEs                 ; Yes        ; |CPU|memoria:banco_memoria|banco_mem[15][14]     ;
; 3:1                ; 20 bits   ; 40 LEs        ; 20 LEs               ; 20 LEs                 ; Yes        ; |CPU|detector_botao:detector_enviar|contador[19] ;
; 3:1                ; 20 bits   ; 40 LEs        ; 20 LEs               ; 20 LEs                 ; Yes        ; |CPU|detector_botao:detector_ligar|contador[19]  ;
; 4:1                ; 16 bits   ; 32 LEs        ; 32 LEs               ; 0 LEs                  ; Yes        ; |CPU|lcd_result_latched[4]                       ;
; 5:1                ; 3 bits    ; 9 LEs         ; 3 LEs                ; 6 LEs                  ; Yes        ; |CPU|displayLCD:LCD|cmd_idx[1]                   ;
; 7:1                ; 6 bits    ; 24 LEs        ; 6 LEs                ; 18 LEs                 ; Yes        ; |CPU|displayLCD:LCD|msg_idx[5]                   ;
; 14:1               ; 32 bits   ; 288 LEs       ; 32 LEs               ; 256 LEs                ; Yes        ; |CPU|displayLCD:LCD|cnt[14]                      ;
; 3:1                ; 4 bits    ; 8 LEs         ; 4 LEs                ; 4 LEs                  ; No         ; |CPU|escrita_endereco[0]                         ;
; 3:1                ; 4 bits    ; 8 LEs         ; 4 LEs                ; 4 LEs                  ; No         ; |CPU|reg_2_endereco[3]                           ;
; 4:1                ; 16 bits   ; 32 LEs        ; 0 LEs                ; 32 LEs                 ; No         ; |CPU|ula:ula|Add0                                ;
; 4:1                ; 16 bits   ; 32 LEs        ; 16 LEs               ; 16 LEs                 ; No         ; |CPU|ula:ula|Add0                                ;
; 8:1                ; 16 bits   ; 80 LEs        ; 32 LEs               ; 48 LEs                 ; No         ; |CPU|ula:ula|Mux0                                ;
; 4:1                ; 3 bits    ; 6 LEs         ; 6 LEs                ; 0 LEs                  ; No         ; |CPU|estado                                      ;
; 9:1                ; 4 bits    ; 24 LEs        ; 8 LEs                ; 16 LEs                 ; No         ; |CPU|reg_1_endereco[3]                           ;
; 18:1               ; 16 bits   ; 192 LEs       ; 176 LEs              ; 16 LEs                 ; No         ; |CPU|operador_1[14]                              ;
; 19:1               ; 9 bits    ; 108 LEs       ; 108 LEs              ; 0 LEs                  ; No         ; |CPU|operador_2[14]                              ;
; 21:1               ; 6 bits    ; 84 LEs        ; 78 LEs               ; 6 LEs                  ; No         ; |CPU|operador_2[0]                               ;
; 15:1               ; 3 bits    ; 30 LEs        ; 6 LEs                ; 24 LEs                 ; No         ; |CPU|displayLCD:LCD|Selector37                   ;
+--------------------+-----------+---------------+----------------------+------------------------+------------+--------------------------------------------------+


+-------------------------------------------------------------------------------------+
; Parameter Settings for Inferred Entity Instance: ula:ula|lpm_mult:Mult0             ;
+------------------------------------------------+--------------+---------------------+
; Parameter Name                                 ; Value        ; Type                ;
+------------------------------------------------+--------------+---------------------+
; AUTO_CARRY_CHAINS                              ; ON           ; AUTO_CARRY          ;
; IGNORE_CARRY_BUFFERS                           ; OFF          ; IGNORE_CARRY        ;
; AUTO_CASCADE_CHAINS                            ; ON           ; AUTO_CASCADE        ;
; IGNORE_CASCADE_BUFFERS                         ; OFF          ; IGNORE_CASCADE      ;
; LPM_WIDTHA                                     ; 16           ; Untyped             ;
; LPM_WIDTHB                                     ; 16           ; Untyped             ;
; LPM_WIDTHP                                     ; 32           ; Untyped             ;
; LPM_WIDTHR                                     ; 32           ; Untyped             ;
; LPM_WIDTHS                                     ; 1            ; Untyped             ;
; LPM_REPRESENTATION                             ; UNSIGNED     ; Untyped             ;
; LPM_PIPELINE                                   ; 0            ; Untyped             ;
; LATENCY                                        ; 0            ; Untyped             ;
; INPUT_A_IS_CONSTANT                            ; NO           ; Untyped             ;
; INPUT_B_IS_CONSTANT                            ; NO           ; Untyped             ;
; USE_EAB                                        ; OFF          ; Untyped             ;
; MAXIMIZE_SPEED                                 ; 6            ; Untyped             ;
; DEVICE_FAMILY                                  ; Cyclone IV E ; Untyped             ;
; CARRY_CHAIN                                    ; MANUAL       ; Untyped             ;
; APEX20K_TECHNOLOGY_MAPPER                      ; LUT          ; TECH_MAPPER_APEX20K ;
; DEDICATED_MULTIPLIER_CIRCUITRY                 ; AUTO         ; Untyped             ;
; DEDICATED_MULTIPLIER_MIN_INPUT_WIDTH_FOR_AUTO  ; 0            ; Untyped             ;
; DEDICATED_MULTIPLIER_MIN_OUTPUT_WIDTH_FOR_AUTO ; 0            ; Untyped             ;
; CBXI_PARAMETER                                 ; mult_7dt     ; Untyped             ;
; INPUT_A_FIXED_VALUE                            ; Bx           ; Untyped             ;
; INPUT_B_FIXED_VALUE                            ; Bx           ; Untyped             ;
; USE_AHDL_IMPLEMENTATION                        ; OFF          ; Untyped             ;
+------------------------------------------------+--------------+---------------------+
Note: In order to hide this table in the UI and the text report file, please set the "Show Parameter Settings in Synthesis Report" option in "Analysis and Synthesis Settings -> More Settings" to "Off".


+----------------------------------------------------------------+
; lpm_mult Parameter Settings by Entity Instance                 ;
+---------------------------------------+------------------------+
; Name                                  ; Value                  ;
+---------------------------------------+------------------------+
; Number of entity instances            ; 1                      ;
; Entity Instance                       ; ula:ula|lpm_mult:Mult0 ;
;     -- LPM_WIDTHA                     ; 16                     ;
;     -- LPM_WIDTHB                     ; 16                     ;
;     -- LPM_WIDTHP                     ; 32                     ;
;     -- LPM_REPRESENTATION             ; UNSIGNED               ;
;     -- INPUT_A_IS_CONSTANT            ; NO                     ;
;     -- INPUT_B_IS_CONSTANT            ; NO                     ;
;     -- USE_EAB                        ; OFF                    ;
;     -- DEDICATED_MULTIPLIER_CIRCUITRY ; AUTO                   ;
;     -- INPUT_A_FIXED_VALUE            ; Bx                     ;
;     -- INPUT_B_FIXED_VALUE            ; Bx                     ;
+---------------------------------------+------------------------+


+-----------------------------------------------------+
; Post-Synthesis Netlist Statistics for Top Partition ;
+-----------------------+-----------------------------+
; Type                  ; Count                       ;
+-----------------------+-----------------------------+
; boundary_port         ; 35                          ;
; cycloneiii_ff         ; 406                         ;
;     CLR               ; 14                          ;
;     ENA               ; 263                         ;
;     ENA CLR           ; 25                          ;
;     ENA CLR SCLR      ; 38                          ;
;     ENA SCLR          ; 16                          ;
;     SCLR              ; 40                          ;
;     plain             ; 10                          ;
; cycloneiii_lcell_comb ; 939                         ;
;     arith             ; 112                         ;
;         2 data inputs ; 90                          ;
;         3 data inputs ; 22                          ;
;     normal            ; 827                         ;
;         0 data inputs ; 2                           ;
;         1 data inputs ; 7                           ;
;         2 data inputs ; 43                          ;
;         3 data inputs ; 86                          ;
;         4 data inputs ; 689                         ;
; cycloneiii_mac_mult   ; 1                           ;
; cycloneiii_mac_out    ; 1                           ;
;                       ;                             ;
; Max LUT depth         ; 24.40                       ;
; Average LUT depth     ; 10.53                       ;
+-----------------------+-----------------------------+


+-------------------------------+
; Elapsed Time Per Partition    ;
+----------------+--------------+
; Partition Name ; Elapsed Time ;
+----------------+--------------+
; Top            ; 00:00:01     ;
+----------------+--------------+


+-------------------------------+
; Analysis & Synthesis Messages ;
+-------------------------------+
Info: *******************************************************************
Info: Running Quartus Prime Analysis & Synthesis
    Info: Version 21.1.1 Build 850 06/23/2022 SJ Lite Edition
    Info: Processing started: Thu Dec 11 09:52:21 2025
Info: Command: quartus_map --read_settings_files=on --write_settings_files=off projeto_2_sd -c projeto_2_sd
Warning (18236): Number of processors has not been specified which may cause overloading on shared machines.  Set the global assignment NUM_PARALLEL_PROCESSORS in your QSF to an appropriate value for best performance.
Info (20030): Parallel compilation is enabled and will use 16 of the 16 processors detected
Info (12021): Found 1 design units, including 1 entities, in source file binario_bcd.sv
    Info (12023): Found entity 1: binario_bcd File: D:/Users/ygcs/Downloads/projeto_2_SD/binario_bcd.sv Line: 1
Info (12021): Found 1 design units, including 1 entities, in source file ula.v
    Info (12023): Found entity 1: ula File: D:/Users/ygcs/Downloads/projeto_2_SD/ula.v Line: 1
Info (12021): Found 1 design units, including 1 entities, in source file memoria.v
    Info (12023): Found entity 1: memoria File: D:/Users/ygcs/Downloads/projeto_2_SD/memoria.v Line: 1
Info (12021): Found 1 design units, including 1 entities, in source file displaylcd.v
    Info (12023): Found entity 1: displayLCD File: D:/Users/ygcs/Downloads/projeto_2_SD/displayLCD.v Line: 1
Info (12021): Found 1 design units, including 1 entities, in source file detector_botao.v
    Info (12023): Found entity 1: detector_botao File: D:/Users/ygcs/Downloads/projeto_2_SD/detector_botao.v Line: 1
Info (12021): Found 1 design units, including 1 entities, in source file cpu.v
    Info (12023): Found entity 1: CPU File: D:/Users/ygcs/Downloads/projeto_2_SD/CPU.v Line: 1
Info (12127): Elaborating entity "CPU" for the top level hierarchy
Info (12128): Elaborating entity "memoria" for hierarchy "memoria:banco_memoria" File: D:/Users/ygcs/Downloads/projeto_2_SD/CPU.v Line: 77
Info (12128): Elaborating entity "ula" for hierarchy "ula:ula" File: D:/Users/ygcs/Downloads/projeto_2_SD/CPU.v Line: 84
Info (12128): Elaborating entity "displayLCD" for hierarchy "displayLCD:LCD" File: D:/Users/ygcs/Downloads/projeto_2_SD/CPU.v Line: 98
Warning (10230): Verilog HDL assignment warning at displayLCD.v(177): truncated value with size 32 to match size of target (3) File: D:/Users/ygcs/Downloads/projeto_2_SD/displayLCD.v Line: 177
Warning (10230): Verilog HDL assignment warning at displayLCD.v(259): truncated value with size 32 to match size of target (6) File: D:/Users/ygcs/Downloads/projeto_2_SD/displayLCD.v Line: 259
Warning (10270): Verilog HDL Case Statement warning at displayLCD.v(284): incomplete case statement has no default case item File: D:/Users/ygcs/Downloads/projeto_2_SD/displayLCD.v Line: 284
Info (10264): Verilog HDL Case Statement information at displayLCD.v(284): all case item expressions in this case statement are onehot File: D:/Users/ygcs/Downloads/projeto_2_SD/displayLCD.v Line: 284
Warning (10030): Net "cmd_rom.data_a" at displayLCD.v(32) has no driver or initial value, using a default initial value '0' File: D:/Users/ygcs/Downloads/projeto_2_SD/displayLCD.v Line: 32
Warning (10030): Net "cmd_rom.waddr_a" at displayLCD.v(32) has no driver or initial value, using a default initial value '0' File: D:/Users/ygcs/Downloads/projeto_2_SD/displayLCD.v Line: 32
Warning (10030): Net "cmd_rom.we_a" at displayLCD.v(32) has no driver or initial value, using a default initial value '0' File: D:/Users/ygcs/Downloads/projeto_2_SD/displayLCD.v Line: 32
Info (12128): Elaborating entity "binario_bcd" for hierarchy "displayLCD:LCD|binario_bcd:conversor" File: D:/Users/ygcs/Downloads/projeto_2_SD/displayLCD.v Line: 51
Warning (10230): Verilog HDL assignment warning at binario_bcd.sv(16): truncated value with size 32 to match size of target (4) File: D:/Users/ygcs/Downloads/projeto_2_SD/binario_bcd.sv Line: 16
Warning (10230): Verilog HDL assignment warning at binario_bcd.sv(17): truncated value with size 32 to match size of target (4) File: D:/Users/ygcs/Downloads/projeto_2_SD/binario_bcd.sv Line: 17
Warning (10230): Verilog HDL assignment warning at binario_bcd.sv(18): truncated value with size 32 to match size of target (4) File: D:/Users/ygcs/Downloads/projeto_2_SD/binario_bcd.sv Line: 18
Warning (10230): Verilog HDL assignment warning at binario_bcd.sv(19): truncated value with size 32 to match size of target (4) File: D:/Users/ygcs/Downloads/projeto_2_SD/binario_bcd.sv Line: 19
Warning (10230): Verilog HDL assignment warning at binario_bcd.sv(20): truncated value with size 32 to match size of target (4) File: D:/Users/ygcs/Downloads/projeto_2_SD/binario_bcd.sv Line: 20
Info (12128): Elaborating entity "detector_botao" for hierarchy "detector_botao:detector_ligar" File: D:/Users/ygcs/Downloads/projeto_2_SD/CPU.v Line: 104
Warning (10230): Verilog HDL assignment warning at detector_botao.v(16): truncated value with size 32 to match size of target (20) File: D:/Users/ygcs/Downloads/projeto_2_SD/detector_botao.v Line: 16
Info (276014): Found 1 instances of uninferred RAM logic
    Info (276004): RAM logic "displayLCD:LCD|cmd_rom" is uninferred due to inappropriate RAM size File: D:/Users/ygcs/Downloads/projeto_2_SD/displayLCD.v Line: 32
Info (278001): Inferred 1 megafunctions from design logic
    Info (278003): Inferred multiplier megafunction ("lpm_mult") from the following logic: "ula:ula|Mult0" File: D:/Users/ygcs/Downloads/projeto_2_SD/ula.v Line: 31
Info (12130): Elaborated megafunction instantiation "ula:ula|lpm_mult:Mult0" File: D:/Users/ygcs/Downloads/projeto_2_SD/ula.v Line: 31
Info (12133): Instantiated megafunction "ula:ula|lpm_mult:Mult0" with the following parameter: File: D:/Users/ygcs/Downloads/projeto_2_SD/ula.v Line: 31
    Info (12134): Parameter "LPM_WIDTHA" = "16"
    Info (12134): Parameter "LPM_WIDTHB" = "16"
    Info (12134): Parameter "LPM_WIDTHP" = "32"
    Info (12134): Parameter "LPM_WIDTHR" = "32"
    Info (12134): Parameter "LPM_WIDTHS" = "1"
    Info (12134): Parameter "LPM_REPRESENTATION" = "UNSIGNED"
    Info (12134): Parameter "INPUT_A_IS_CONSTANT" = "NO"
    Info (12134): Parameter "INPUT_B_IS_CONSTANT" = "NO"
    Info (12134): Parameter "MAXIMIZE_SPEED" = "6"
Info (12021): Found 1 design units, including 1 entities, in source file db/mult_7dt.tdf
    Info (12023): Found entity 1: mult_7dt File: D:/Users/ygcs/Downloads/projeto_2_SD/db/mult_7dt.tdf Line: 29
Warning (13024): Output pins are stuck at VCC or GND
    Warning (13410): Pin "lcd_rw" is stuck at GND File: D:/Users/ygcs/Downloads/projeto_2_SD/CPU.v Line: 13
    Warning (13410): Pin "lcd_on" is stuck at VCC File: D:/Users/ygcs/Downloads/projeto_2_SD/CPU.v Line: 16
Info (286030): Timing-Driven Synthesis is running
Info (17049): 5 registers lost all their fanouts during netlist optimizations.
Info (16010): Generating hard_block partition "hard_block:auto_generated_inst"
    Info (16011): Adding 0 node(s), including 0 DDIO, 0 PLL, 0 transceiver and 0 LCELL
Info (21057): Implemented 1258 device resources after synthesis - the final resource count might be different
    Info (21058): Implemented 21 input pins
    Info (21059): Implemented 14 output pins
    Info (21061): Implemented 1221 logic cells
    Info (21062): Implemented 2 DSP elements
Info: Quartus Prime Analysis & Synthesis was successful. 0 errors, 17 warnings
    Info: Peak virtual memory: 4879 megabytes
    Info: Processing ended: Thu Dec 11 09:52:32 2025
    Info: Elapsed time: 00:00:11
    Info: Total CPU time (on all processors): 00:00:10


